[recarga-facil.net/index6941.html]
[backblue.gif]
[fade.gif]
[index.html]
[recarga-facil.net/static/css/index.css]
[recarga-facil.net/static/css/loadingSpinner.css]
[ajax.googleapis.com/ajax/libs/jquery/3.3.1/jquery.min.js]
[recarga-facil.net/static/js/jquery.maskedinput.js]
[code.getmdl.io/1.3.0/material.min.js]
[recarga-facil.net/static/js/index.js]
[www.googletagmanager.com/gtag/jsc62e]
[recarga-facil.net/static/imgs/indexSafe.png]
[recarga-facil.net/static/imgs/iconSuccess.png]
[recarga-facil.net/cdn-cgi/l/email-protection.html]
[recarga-facil.net/static/imgs/logoTop.png]
[recarga-facil.net/static/imgs/logoOperadoras.png]
[recarga-facil.net/static/imgs/promoLogo.png]
[recarga-facil.net/static/imgs/cardsLogos.png]
[recarga-facil.net/static/imgs/cardsLogosCompact.png]
[recarga-facil.net/static/imgs/indexVerified.png]
[recarga-facil.net/static/imgs/logoBottom.png]
[www.googletagmanager.com/nsf15e.html]
[recarga-facil.net/cdn-cgi/scripts/5c5dd728/cloudflare-static/email-decode.min.js]
[www.googletagmanager.com/gtag/jsb2da]
[recarga-facil.net/index6941.html]
[fonts.googleapis.com/css1543.css]
[fonts.googleapis.com/icone91f.css]
[fonts.googleapis.com/css0f7c.css]
[code.getmdl.io/1.3.0/material.indigo-pink.min.css]
[recarga-facil.net/static/css/index.css]
[recarga-facil.net/static/css/loadingSpinner.css]
[www.googletagmanager.com/gtm5445.html]
[recarga-facil.net/cdn-cgi/l/email-protection.html]
[www.googletagmanager.com/nsf15e.html]
